#-----------------------------------------------------------
# PlanAhead v14.7 (64-bit)
# Build 321239 by xbuild on Fri Sep 27 19:29:51 MDT 2013
# Start of session at: Wed Dec 08 11:36:51 2021
# Process ID: 58404
# Log file: D:/szdl/jicunqi/planAhead_run_1/planAhead.log
# Journal file: D:/szdl/jicunqi/planAhead_run_1/planAhead.jou
#-----------------------------------------------------------
start_gui
source D:/szdl/jicunqi/pa.fromNetlist.tcl
set_property iostandard LVCMOS18 [get_ports [list {d[3]} {d[2]} {d[1]} {d[0]}]]
set_property iostandard LVCMOS18 [get_ports [list {q[3]} {q[2]} {q[1]} {q[0]}]]
set_property package_pin "" [get_ports [list  oe]]
set_property iostandard LVCMOS18 [get_ports [list clk]]
set_property iostandard LVCMOS18 [get_ports [list clr]]
set_property iostandard LVCMOS18 [get_ports [list oe]]
set_property pulltype PULLDOWN [get_ports [list oe]]
set_property pulltype PULLDOWN [get_ports [list clr]]
set_property pulltype PULLDOWN [get_ports [list clk]]
set_property pulltype PULLDOWN [get_ports [list {d[3]} {d[2]} {d[1]} {d[0]}]]
startgroup
set_property package_pin T3 [get_ports oe]
endgroup
startgroup
set_property package_pin U3 [get_ports clr]
endgroup
startgroup
set_property package_pin R4 [get_ports clk]
endgroup
startgroup
set_property package_pin R1 [get_ports {q[3]}]
endgroup
startgroup
set_property package_pin P2 [get_ports {q[2]}]
endgroup
startgroup
set_property package_pin P1 [get_ports {q[1]}]
endgroup
startgroup
set_property package_pin N2 [get_ports {q[0]}]
endgroup
startgroup
set_property package_pin T4 [get_ports {d[3]}]
endgroup
startgroup
set_property package_pin V3 [get_ports {d[2]}]
endgroup
startgroup
set_property package_pin V4 [get_ports {d[1]}]
endgroup
startgroup
set_property package_pin W4 [get_ports {d[0]}]
endgroup
save_constraints
