#-----------------------------------------------------------
# PlanAhead v14.7 (64-bit)
# Build 321239 by xbuild on Fri Sep 27 19:29:51 MDT 2013
# Start of session at: Wed Dec 08 12:22:19 2021
# Process ID: 56880
# Log file: D:/szdl/jicunqi/planAhead_run_2/planAhead.log
# Journal file: D:/szdl/jicunqi/planAhead_run_2/planAhead.jou
#-----------------------------------------------------------
start_gui
source D:/szdl/jicunqi/pa.fromNetlist.tcl
startgroup
set_property package_pin A8 [get_ports {d[0]}]
endgroup
startgroup
set_property package_pin T4 [get_ports {d[3]}]
endgroup
startgroup
set_property package_pin V3 [get_ports {d[2]}]
endgroup
startgroup
set_property package_pin V4 [get_ports {d[1]}]
endgroup
startgroup
set_property package_pin A8 [get_ports {d[0]}]
endgroup
startgroup
set_property package_pin A18 [get_ports clk]
endgroup
startgroup
set_property package_pin Y4 [get_ports {d[0]}]
endgroup
startgroup
set_property package_pin W4 [get_ports {d[1]}]
endgroup
startgroup
set_property package_pin V4 [get_ports {d[2]}]
endgroup
startgroup
set_property package_pin V3 [get_ports {d[3]}]
endgroup
startgroup
set_property package_pin T4 [get_ports clk]
endgroup
save_constraints
